<?xml version="1.0" encoding="utf-8"?><testsuites><testsuite name="pytest" errors="0" failures="0" skipped="0" tests="3" time="0.304" timestamp="2024-04-27T22:19:32.178640" hostname="Dungs-Mac-Pro.hsd1.ca.comcast.net"><testcase classname="tests.test_app" name="test_add_weather" time="0.021" /><testcase classname="tests.test_app" name="test_view_weather" time="0.004" /><testcase classname="tests.test_app" name="test_analysis_average_temperature" time="0.005" /></testsuite></testsuites>